2019-01-02 00:00:00 Launching analysis for 10bf1b25d6e517a9f7ddb811dba709d9 with LEAN Engine v2.5.0.0.18126
2019-01-02 00:00:00 2019-01-02 AAPL px 157.74 adj 37.35 mcap 746.08 sh 18.9192 pxsh 2984.32
2019-01-02 00:00:00 2019-01-02 MSFT px 101.57 adj 94.43 mcap 780.36 sh 7.6830 pxsh 780.36
2019-01-02 00:00:00 2019-01-02 XOM px 68.19 adj 48.28 mcap 288.92 sh 4.2370 pxsh 288.92
2019-01-03 00:00:00 2019-01-03 AAPL px 157.92 adj 37.39 mcap 746.08 sh 18.9192 pxsh 2987.72
2019-01-03 00:00:00 2019-01-03 MSFT px 101.12 adj 94.02 mcap 780.36 sh 7.6830 pxsh 776.90
2019-01-03 00:00:00 2019-01-03 XOM px 69.69 adj 49.35 mcap 288.92 sh 4.2370 pxsh 295.28
2019-01-04 00:00:00 2019-01-04 AAPL px 142.19 adj 33.67 mcap 746.08 sh 18.9192 pxsh 2690.12
2019-01-04 00:00:00 2019-01-04 MSFT px 97.40 adj 90.56 mcap 780.36 sh 7.6830 pxsh 748.32
2019-01-04 00:00:00 2019-01-04 XOM px 68.62 adj 48.59 mcap 288.92 sh 4.2370 pxsh 290.74
2019-01-05 00:00:00 2019-01-05 AAPL px 148.26 adj 35.10 mcap 746.08 sh 18.9192 pxsh 2804.96
2019-01-05 00:00:00 2019-01-05 MSFT px 101.93 adj 94.77 mcap 780.36 sh 7.6830 pxsh 783.13
2019-01-05 00:00:00 2019-01-05 XOM px 71.15 adj 50.38 mcap 288.92 sh 4.2370 pxsh 301.46
2019-01-08 00:00:00 2019-01-08 AAPL px 147.93 adj 35.02 mcap 746.08 sh 18.9192 pxsh 2798.72
2019-01-08 00:00:00 2019-01-08 MSFT px 102.06 adj 94.89 mcap 780.36 sh 7.6830 pxsh 784.13
2019-01-08 00:00:00 2019-01-08 XOM px 71.54 adj 50.65 mcap 288.92 sh 4.2370 pxsh 303.11
2019-01-09 00:00:00 2019-01-09 AAPL px 150.75 adj 35.69 mcap 746.08 sh 18.9192 pxsh 2852.07
2019-01-09 00:00:00 2019-01-09 MSFT px 102.80 adj 95.58 mcap 780.36 sh 7.6830 pxsh 789.81
2019-01-09 00:00:00 2019-01-09 XOM px 72.04 adj 51.01 mcap 288.92 sh 4.2370 pxsh 305.23
2019-01-10 00:00:00 2019-01-10 AAPL px 153.31 adj 36.30 mcap 746.08 sh 18.9192 pxsh 2900.50
2019-01-10 00:00:00 2019-01-10 MSFT px 104.27 adj 96.94 mcap 780.36 sh 7.6830 pxsh 801.11
2019-01-10 00:00:00 2019-01-10 XOM px 72.42 adj 51.28 mcap 288.92 sh 4.2370 pxsh 306.84
2019-01-11 00:00:00 2019-01-11 AAPL px 153.80 adj 36.41 mcap 746.08 sh 18.9192 pxsh 2909.77
2019-01-11 00:00:00 2019-01-11 MSFT px 103.60 adj 96.32 mcap 780.36 sh 7.6830 pxsh 795.96
2019-01-11 00:00:00 2019-01-11 XOM px 72.05 adj 51.02 mcap 288.92 sh 4.2370 pxsh 305.28
2019-01-12 00:00:00 2019-01-12 AAPL px 152.29 adj 36.06 mcap 746.08 sh 18.9192 pxsh 2881.21
2019-01-12 00:00:00 2019-01-12 MSFT px 102.80 adj 95.58 mcap 780.36 sh 7.6830 pxsh 789.81
2019-01-12 00:00:00 2019-01-12 XOM px 71.72 adj 50.78 mcap 288.92 sh 4.2370 pxsh 303.88
2019-01-15 00:00:00 2019-01-15 AAPL px 150.00 adj 35.51 mcap 746.08 sh 18.9192 pxsh 2837.88
2019-01-15 00:00:00 2019-01-15 MSFT px 102.05 adj 94.88 mcap 780.36 sh 7.6830 pxsh 784.05
2019-01-15 00:00:00 2019-01-15 XOM px 71.61 adj 50.70 mcap 288.92 sh 4.2370 pxsh 303.41
2019-01-16 00:00:00 2019-01-16 AAPL px 153.07 adj 36.24 mcap 746.08 sh 18.9192 pxsh 2895.96
2019-01-16 00:00:00 2019-01-16 MSFT px 105.01 adj 97.63 mcap 780.36 sh 7.6830 pxsh 806.79
2019-01-16 00:00:00 2019-01-16 XOM px 71.67 adj 50.75 mcap 288.92 sh 4.2370 pxsh 303.67
2019-01-17 00:00:00 2019-01-17 AAPL px 154.94 adj 36.68 mcap 746.08 sh 18.9192 pxsh 2931.34
2019-01-17 00:00:00 2019-01-17 MSFT px 105.38 adj 97.98 mcap 780.36 sh 7.6830 pxsh 809.63
2019-01-17 00:00:00 2019-01-17 XOM px 71.64 adj 50.73 mcap 288.92 sh 4.2370 pxsh 303.54
2019-01-18 00:00:00 2019-01-18 AAPL px 155.86 adj 36.90 mcap 746.08 sh 18.9192 pxsh 2948.75
2019-01-18 00:00:00 2019-01-18 MSFT px 106.12 adj 98.66 mcap 780.36 sh 7.6830 pxsh 815.32
2019-01-18 00:00:00 2019-01-18 XOM px 72.13 adj 51.07 mcap 288.92 sh 4.2370 pxsh 305.61
2019-01-19 00:00:00 2019-01-19 AAPL px 156.82 adj 37.13 mcap 746.08 sh 18.8611 pxsh 2957.80
2019-01-19 00:00:00 2019-01-19 MSFT px 107.71 adj 100.14 mcap 780.36 sh 7.6830 pxsh 827.54
2019-01-19 00:00:00 2019-01-19 XOM px 72.99 adj 51.68 mcap 288.92 sh 4.2370 pxsh 309.26
2019-01-23 00:00:00 2019-01-23 AAPL px 153.30 adj 36.30 mcap 746.08 sh 18.8611 pxsh 2891.41
2019-01-23 00:00:00 2019-01-23 MSFT px 105.68 adj 98.26 mcap 780.36 sh 7.6830 pxsh 811.94
2019-01-23 00:00:00 2019-01-23 XOM px 71.89 adj 50.90 mcap 288.92 sh 4.2370 pxsh 304.60
2019-01-24 00:00:00 2019-01-24 AAPL px 153.92 adj 36.44 mcap 746.08 sh 18.8611 pxsh 2903.10
2019-01-24 00:00:00 2019-01-24 MSFT px 106.71 adj 99.21 mcap 780.36 sh 7.6830 pxsh 819.85
2019-01-24 00:00:00 2019-01-24 XOM px 71.30 adj 50.49 mcap 288.92 sh 4.2370 pxsh 302.10
2019-01-25 00:00:00 2019-01-25 AAPL px 152.70 adj 36.15 mcap 746.08 sh 18.8611 pxsh 2880.09
2019-01-25 00:00:00 2019-01-25 MSFT px 106.20 adj 98.74 mcap 780.36 sh 7.6830 pxsh 815.93
2019-01-25 00:00:00 2019-01-25 XOM px 71.36 adj 50.53 mcap 288.92 sh 4.2370 pxsh 302.35
2019-01-26 00:00:00 2019-01-26 AAPL px 157.76 adj 37.35 mcap 746.08 sh 18.8611 pxsh 2975.53
2019-01-26 00:00:00 2019-01-26 MSFT px 107.17 adj 99.64 mcap 780.36 sh 7.6722 pxsh 822.23
2019-01-26 00:00:00 2019-01-26 XOM px 71.72 adj 50.78 mcap 288.92 sh 4.2370 pxsh 303.88
2019-01-29 00:00:00 2019-01-29 AAPL px 156.30 adj 37.01 mcap 746.08 sh 18.8611 pxsh 2947.99
2019-01-29 00:00:00 2019-01-29 MSFT px 105.08 adj 97.70 mcap 780.36 sh 7.6722 pxsh 806.20
2019-01-29 00:00:00 2019-01-29 XOM px 71.24 adj 50.44 mcap 288.92 sh 4.2370 pxsh 301.84
2019-01-30 00:00:00 2019-01-30 AAPL px 154.68 adj 36.62 mcap 746.08 sh 18.8611 pxsh 2917.44
2019-01-30 00:00:00 2019-01-30 MSFT px 102.94 adj 95.71 mcap 780.36 sh 7.6722 pxsh 789.78
2019-01-30 00:00:00 2019-01-30 XOM px 71.51 adj 50.63 mcap 288.92 sh 4.2370 pxsh 302.99
2019-01-31 00:00:00 2019-01-31 AAPL px 165.25 adj 39.13 mcap 746.08 sh 18.8611 pxsh 3116.80
2019-01-31 00:00:00 2019-01-31 MSFT px 106.38 adj 98.91 mcap 780.36 sh 7.6722 pxsh 816.17
2019-01-31 00:00:00 2019-01-31 XOM px 72.31 adj 51.20 mcap 288.92 sh 4.2370 pxsh 306.38
2019-02-01 00:00:00 2019-02-01 AAPL px 166.44 adj 39.41 mcap 784.81 sh 18.8611 pxsh 3139.24
2019-02-01 00:00:00 2019-02-01 MSFT px 104.43 adj 97.09 mcap 801.21 sh 7.6722 pxsh 801.21
2019-02-01 00:00:00 2019-02-01 XOM px 73.28 adj 51.89 mcap 310.33 sh 4.2348 pxsh 310.33
2019-02-02 00:00:00 2019-02-02 AAPL px 166.52 adj 39.43 mcap 784.81 sh 18.8611 pxsh 3140.75
2019-02-02 00:00:00 2019-02-02 MSFT px 102.78 adj 95.56 mcap 801.21 sh 7.6722 pxsh 788.55
2019-02-02 00:00:00 2019-02-02 XOM px 75.92 adj 53.76 mcap 310.33 sh 4.2348 pxsh 321.51
2019-02-05 00:00:00 2019-02-05 AAPL px 171.25 adj 40.55 mcap 784.81 sh 18.8611 pxsh 3229.97
2019-02-05 00:00:00 2019-02-05 MSFT px 105.74 adj 98.31 mcap 801.21 sh 7.6722 pxsh 811.26
2019-02-05 00:00:00 2019-02-05 XOM px 74.84 adj 52.99 mcap 310.33 sh 4.2348 pxsh 316.93
2019-02-06 00:00:00 2019-02-06 AAPL px 174.18 adj 41.24 mcap 784.81 sh 18.8611 pxsh 3285.23
2019-02-06 00:00:00 2019-02-06 MSFT px 107.22 adj 99.69 mcap 801.21 sh 7.6722 pxsh 822.61
2019-02-06 00:00:00 2019-02-06 XOM px 75.59 adj 53.52 mcap 310.33 sh 4.2348 pxsh 320.11
2019-02-07 00:00:00 2019-02-07 AAPL px 174.24 adj 41.25 mcap 784.81 sh 18.8611 pxsh 3286.36
2019-02-07 00:00:00 2019-02-07 MSFT px 106.03 adj 98.58 mcap 801.21 sh 7.6722 pxsh 813.48
2019-02-07 00:00:00 2019-02-07 XOM px 75.26 adj 53.29 mcap 310.33 sh 4.2348 pxsh 318.71
2019-02-08 00:00:00 2019-02-08 AAPL px 170.94 adj 40.47 mcap 784.81 sh 18.8611 pxsh 3224.12
2019-02-08 00:00:00 2019-02-08 MSFT px 105.27 adj 97.87 mcap 801.21 sh 7.6722 pxsh 807.65
2019-02-08 00:00:00 2019-02-08 XOM px 74.68 adj 52.88 mcap 310.33 sh 4.2348 pxsh 316.26
2019-02-09 00:00:00 2019-02-09 AAPL px 170.41 adj 40.52 mcap 784.81 sh 18.8611 pxsh 3214.12
2019-02-09 00:00:00 2019-02-09 MSFT px 105.67 adj 98.25 mcap 801.21 sh 7.6722 pxsh 810.72
2019-02-09 00:00:00 2019-02-09 XOM px 73.98 adj 52.96 mcap 310.33 sh 4.2348 pxsh 313.29
2019-02-12 00:00:00 2019-02-12 AAPL px 169.43 adj 40.29 mcap 784.81 sh 18.8611 pxsh 3195.64
2019-02-12 00:00:00 2019-02-12 MSFT px 105.25 adj 97.86 mcap 801.21 sh 7.6722 pxsh 807.50
2019-02-12 00:00:00 2019-02-12 XOM px 74.10 adj 53.05 mcap 310.33 sh 4.2348 pxsh 313.80
2019-02-13 00:00:00 2019-02-13 AAPL px 170.89 adj 40.63 mcap 784.81 sh 18.8611 pxsh 3223.18
2019-02-13 00:00:00 2019-02-13 MSFT px 106.89 adj 99.38 mcap 801.21 sh 7.6722 pxsh 820.08
2019-02-13 00:00:00 2019-02-13 XOM px 75.40 adj 53.98 mcap 310.33 sh 4.2348 pxsh 319.30
2019-02-14 00:00:00 2019-02-14 AAPL px 170.18 adj 40.47 mcap 784.81 sh 18.8611 pxsh 3209.79
2019-02-14 00:00:00 2019-02-14 MSFT px 106.81 adj 99.31 mcap 801.21 sh 7.6722 pxsh 819.47
2019-02-14 00:00:00 2019-02-14 XOM px 76.25 adj 54.59 mcap 310.33 sh 4.2348 pxsh 322.90
2019-02-15 00:00:00 2019-02-15 AAPL px 170.80 adj 40.61 mcap 784.81 sh 18.8611 pxsh 3221.48
2019-02-15 00:00:00 2019-02-15 MSFT px 106.90 adj 99.39 mcap 801.21 sh 7.6722 pxsh 820.16
2019-02-15 00:00:00 2019-02-15 XOM px 76.27 adj 54.60 mcap 310.33 sh 4.2348 pxsh 322.99
2019-02-16 00:00:00 Algorithm Id:(10bf1b25d6e517a9f7ddb811dba709d9) completed in 3.43 seconds at 77k data points per second. Processing total of 263,883 data points.
